com\project01\config\DbConfig.class
com\project01\controller\InsuranceCompanyController.class
com\project01\insurancesystem\InsuranceSystemApplication.class
com\project01\repository\PolicyPersonRoleRepository.class
com\project01\entity\PolicyPersonRole.class
com\project01\repository\PolicyPersonRepository.class
com\project01\entity\InsuranceCompany.class
com\project01\controller\HomeController.class
com\project01\controller\InsurerPageController.class
com\project01\controller\InsurerController.class
com\project01\entity\InsuranceType.class
com\project01\entity\Insurer.class
com\project01\controller\PolicyPersonPageController.class
com\project01\repository\AdminRepository.class
com\project01\component\LoginFailureHandler.class
com\project01\service\InsurerDetailsService.class
com\project01\config\SecurityConfig.class
com\project01\repository\InsuranceCompanyRepository.class
com\project01\entity\Message.class
com\project01\controller\AdminController.class
com\project01\entity\Admin.class
com\project01\controller\InsuranceTypePageController.class
com\project01\dto\PolicyAndRolesDTO.class
com\project01\dto\ResponseDTO.class
com\project01\controller\PolicyPageController.class
com\project01\component\LoginSuccessHandler.class
com\project01\service\PolicyPersonService.class
com\project01\controller\InsuranceTypeController.class
com\project01\repository\InsurerRepository.class
com\project01\repository\PolicyRepository.class
com\project01\entity\Policy.class
com\project01\entity\PolicyPerson.class
com\project01\component\InsurerIdGenerator.class
com\project01\component\EncryptPasswordHandler.class
com\project01\controller\AdminPageController.class
com\project01\service\InsuranceCompanyService.class
com\project01\service\PolicyService.class
com\project01\service\AdminDetailsService.class
com\project01\service\AdminService.class
com\project01\service\InsurerService.class
com\project01\service\PolicyPersonRoleService.class
com\project01\component\PolicyNumberComponent.class
com\project01\controller\InsuranceCompanyPageController.class
com\project01\dto\PolicyRolesDTO.class
com\project01\service\InsuranceTypeService.class
com\project01\controller\PolicyPersonController.class
com\project01\controller\PolicyPersonRoleController.class
com\project01\repository\InsuranceTypeRepository.class
com\project01\controller\PolicyController.class
