D:\JAVA專案\InsuranceSystem\InsuranceSystem\src\main\java\com\project01\component\EncryptPasswordHandler.java
D:\JAVA專案\InsuranceSystem\InsuranceSystem\src\main\java\com\project01\component\InsurerIdGenerator.java
D:\JAVA專案\InsuranceSystem\InsuranceSystem\src\main\java\com\project01\component\LoginFailureHandler.java
D:\JAVA專案\InsuranceSystem\InsuranceSystem\src\main\java\com\project01\component\LoginSuccessHandler.java
D:\JAVA專案\InsuranceSystem\InsuranceSystem\src\main\java\com\project01\component\PolicyNumberComponent.java
D:\JAVA專案\InsuranceSystem\InsuranceSystem\src\main\java\com\project01\config\DbConfig.java
D:\JAVA專案\InsuranceSystem\InsuranceSystem\src\main\java\com\project01\config\SecurityConfig.java
D:\JAVA專案\InsuranceSystem\InsuranceSystem\src\main\java\com\project01\controller\AdminController.java
D:\JAVA專案\InsuranceSystem\InsuranceSystem\src\main\java\com\project01\controller\AdminPageController.java
D:\JAVA專案\InsuranceSystem\InsuranceSystem\src\main\java\com\project01\controller\HomeController.java
D:\JAVA專案\InsuranceSystem\InsuranceSystem\src\main\java\com\project01\controller\InsuranceCompanyController.java
D:\JAVA專案\InsuranceSystem\InsuranceSystem\src\main\java\com\project01\controller\InsuranceCompanyPageController.java
D:\JAVA專案\InsuranceSystem\InsuranceSystem\src\main\java\com\project01\controller\InsuranceTypeController.java
D:\JAVA專案\InsuranceSystem\InsuranceSystem\src\main\java\com\project01\controller\InsuranceTypePageController.java
D:\JAVA專案\InsuranceSystem\InsuranceSystem\src\main\java\com\project01\controller\InsurerController.java
D:\JAVA專案\InsuranceSystem\InsuranceSystem\src\main\java\com\project01\controller\InsurerPageController.java
D:\JAVA專案\InsuranceSystem\InsuranceSystem\src\main\java\com\project01\controller\PolicyController.java
D:\JAVA專案\InsuranceSystem\InsuranceSystem\src\main\java\com\project01\controller\PolicyPageController.java
D:\JAVA專案\InsuranceSystem\InsuranceSystem\src\main\java\com\project01\controller\PolicyPersonController.java
D:\JAVA專案\InsuranceSystem\InsuranceSystem\src\main\java\com\project01\controller\PolicyPersonPageController.java
D:\JAVA專案\InsuranceSystem\InsuranceSystem\src\main\java\com\project01\controller\PolicyPersonRoleController.java
D:\JAVA專案\InsuranceSystem\InsuranceSystem\src\main\java\com\project01\dto\PolicyAndRolesDTO.java
D:\JAVA專案\InsuranceSystem\InsuranceSystem\src\main\java\com\project01\dto\PolicyRolesDTO.java
D:\JAVA專案\InsuranceSystem\InsuranceSystem\src\main\java\com\project01\dto\ResponseDTO.java
D:\JAVA專案\InsuranceSystem\InsuranceSystem\src\main\java\com\project01\entity\Admin.java
D:\JAVA專案\InsuranceSystem\InsuranceSystem\src\main\java\com\project01\entity\InsuranceCompany.java
D:\JAVA專案\InsuranceSystem\InsuranceSystem\src\main\java\com\project01\entity\InsuranceType.java
D:\JAVA專案\InsuranceSystem\InsuranceSystem\src\main\java\com\project01\entity\Insurer.java
D:\JAVA專案\InsuranceSystem\InsuranceSystem\src\main\java\com\project01\entity\Message.java
D:\JAVA專案\InsuranceSystem\InsuranceSystem\src\main\java\com\project01\entity\Policy.java
D:\JAVA專案\InsuranceSystem\InsuranceSystem\src\main\java\com\project01\entity\PolicyPerson.java
D:\JAVA專案\InsuranceSystem\InsuranceSystem\src\main\java\com\project01\entity\PolicyPersonRole.java
D:\JAVA專案\InsuranceSystem\InsuranceSystem\src\main\java\com\project01\insurancesystem\InsuranceSystemApplication.java
D:\JAVA專案\InsuranceSystem\InsuranceSystem\src\main\java\com\project01\repository\AdminRepository.java
D:\JAVA專案\InsuranceSystem\InsuranceSystem\src\main\java\com\project01\repository\InsuranceCompanyRepository.java
D:\JAVA專案\InsuranceSystem\InsuranceSystem\src\main\java\com\project01\repository\InsuranceTypeRepository.java
D:\JAVA專案\InsuranceSystem\InsuranceSystem\src\main\java\com\project01\repository\InsurerRepository.java
D:\JAVA專案\InsuranceSystem\InsuranceSystem\src\main\java\com\project01\repository\PolicyPersonRepository.java
D:\JAVA專案\InsuranceSystem\InsuranceSystem\src\main\java\com\project01\repository\PolicyPersonRoleRepository.java
D:\JAVA專案\InsuranceSystem\InsuranceSystem\src\main\java\com\project01\repository\PolicyRepository.java
D:\JAVA專案\InsuranceSystem\InsuranceSystem\src\main\java\com\project01\service\AdminDetailsService.java
D:\JAVA專案\InsuranceSystem\InsuranceSystem\src\main\java\com\project01\service\AdminService.java
D:\JAVA專案\InsuranceSystem\InsuranceSystem\src\main\java\com\project01\service\InsuranceCompanyService.java
D:\JAVA專案\InsuranceSystem\InsuranceSystem\src\main\java\com\project01\service\InsuranceTypeService.java
D:\JAVA專案\InsuranceSystem\InsuranceSystem\src\main\java\com\project01\service\InsurerDetailsService.java
D:\JAVA專案\InsuranceSystem\InsuranceSystem\src\main\java\com\project01\service\InsurerService.java
D:\JAVA專案\InsuranceSystem\InsuranceSystem\src\main\java\com\project01\service\PolicyPersonRoleService.java
D:\JAVA專案\InsuranceSystem\InsuranceSystem\src\main\java\com\project01\service\PolicyPersonService.java
D:\JAVA專案\InsuranceSystem\InsuranceSystem\src\main\java\com\project01\service\PolicyService.java
